
> polycast@0.1.0 build
> next build

   Ôû▓ Next.js 15.5.19
   - Environments: .env.local

   Creating an optimized production build ...
 Ô£ô Compiled successfully in 10.5s
   Linting and checking validity of types ...
node.exe : 
At line:1 char:1
+ & "C:\Program Files\nodejs/node.exe" "C:\Program Files\nodejs/node_mo ...
+ ~~~~~~~~~~~~~~~~~~~~~~~~~~~~~~~~~~~~~~~~~~~~~~~~~~~~~~~~~~~~~~~~~~~~~
    + CategoryInfo          : NotSpecified: (:String) [], RemoteException
    + FullyQualifiedErrorId : NativeCommandError
 
Failed to compile.

./app/dashboard/DubVideo.tsx
64:18  Warning: 'setTrimming' is assigned a value but never used.  
@typescript-eslint/no-unused-vars
65:20  Warning: 'setTrimStatus' is assigned a value but never used.  
@typescript-eslint/no-unused-vars
184:1  Error: Error: Calling setState synchronously within an effect can 
trigger cascading renders

Effects are intended to synchronize state between React and external systems 
such as manually updating the DOM, state management libraries, or other 
platform APIs. In general, the body of an effect should do one or both of the 
following:
* Update external systems with the latest state from React.
* Subscribe for updates from some external system, calling setState in a 
callback function when external state changes.

Calling setState synchronously within an effect body causes cascading renders 
that can hurt performance, and is not recommended. 
(https://react.dev/learn/you-might-not-need-an-effect).

C:\Users\abbas\polycast\app\dashboard\DubVideo.tsx:184:1
  182 | useEffect(() => {
  183 | if (duration > 0 && trimDuration === 0) {
> 184 | setTrimDuration(duration)
      | ^^^^^^^^^^^^^^^ Avoid calling setState() directly within an effect
  185 | setTrimEnd(duration)
  186 | }
  187 | }, [duration, trimDuration])  react-hooks/set-state-in-effect

./app/dashboard/page.tsx
148:17  Warning: Using `<img>` could result in slower LCP and higher bandwidth. 
Consider using `<Image />` from `next/image` or a custom image loader to 
automatically optimize images. This may incur additional usage or cost from 
your provider. See: https://nextjs.org/docs/messages/no-img-element  
@next/next/no-img-element
336:23  Warning: Using `<img>` could result in slower LCP and higher bandwidth. 
Consider using `<Image />` from `next/image` or a custom image loader to 
automatically optimize images. This may incur additional usage or cost from 
your provider. See: https://nextjs.org/docs/messages/no-img-element  
@next/next/no-img-element

./app/page.tsx
10:11  Warning: Using `<img>` could result in slower LCP and higher bandwidth. 
Consider using `<Image />` from `next/image` or a custom image loader to 
automatically optimize images. This may incur additional usage or cost from 
your provider. See: https://nextjs.org/docs/messages/no-img-element  
@next/next/no-img-element

info  - Need to disable some ESLint rules? Learn more here: 
https://nextjs.org/docs/app/api-reference/config/eslint#disabling-rules
